// Vitest Snapshot v1, https://vitest.dev/guide/snapshot.html

exports[`WeatherDisplay > should match snapshot 1`] = `
<div
  class="weather-card animate-fade-in"
>
  <div
    class="text-center mb-6"
  >
    <div
      class="text-6xl mb-2"
    >
      ☀️
    </div>
    <h2
      class="text-3xl font-bold mb-2"
    >
      25
      °C
    </h2>
    <p
      class="text-lg text-gray-600 dark:text-gray-400 capitalize"
    >
      clear sky
    </p>
    <p
      class="text-sm text-gray-500 dark:text-gray-500"
    >
      Feels like 
      27
      °C
    </p>
  </div>
  <div
    class="grid grid-cols-2 gap-4"
  >
    <div
      class="text-center p-3 bg-gray-50 dark:bg-gray-700 rounded-lg"
    >
      <p
        class="text-sm text-gray-600 dark:text-gray-400"
      >
        Humidity
      </p>
      <p
        class="text-lg font-semibold"
      >
        60
        %
      </p>
    </div>
    <div
      class="text-center p-3 bg-gray-50 dark:bg-gray-700 rounded-lg"
    >
      <p
        class="text-sm text-gray-600 dark:text-gray-400"
      >
        Pressure
      </p>
      <p
        class="text-lg font-semibold"
      >
        1013
         hPa
      </p>
    </div>
  </div>
</div>
`;
